// Jest Snapshot v1, https://goo.gl/fbAQLP

exports[`<Footer /> renders correctly renders with a language selector 1`] = `
<footer
  aria-label="edX Home"
  className="footer d-flex border-top py-3 px-4"
  role="contentinfo"
>
  <div
    className="container d-flex"
  >
    <a
      aria-label="edX Home"
      className="d-block mb-3"
      href="https://open.edx.org"
    >
      <img
        alt="Powered by Open edX"
        src="test-file-stub"
        style={
          Object {
            "maxWidth": 150,
          }
        }
      />
    </a>
    <div
      className="flex-grow-1"
    />
    <form
      className="form-inline"
      onSubmit={[Function]}
    >
      <div
        className="form-group"
      >
        <label
          className="d-inline-block m-0"
          htmlFor="site-footer-language-select"
        >
          <span>
            Choose Language
          </span>
        </label>
        <select
          className="form-control-sm mx-2"
          defaultValue="en"
          id="site-footer-language-select"
          name="site-footer-language-select"
        >
          <option
            value="en"
          >
            English
          </option>
          <option
            value="es"
          >
            Espa√±ol
          </option>
        </select>
        <button
          className="btn btn-outline-primary btn-sm"
          type="submit"
        >
          <span>
            Apply
          </span>
        </button>
      </div>
    </form>
  </div>
</footer>
`;

exports[`<Footer /> renders correctly renders without a language selector 1`] = `
<footer
  aria-label="edX Home"
  className="footer d-flex border-top py-3 px-4"
  role="contentinfo"
>
  <div
    className="container d-flex"
  >
    <a
      aria-label="edX Home"
      className="d-block mb-3"
      href="https://open.edx.org"
    >
      <img
        alt="Powered by Open edX"
        src="test-file-stub"
        style={
          Object {
            "maxWidth": 150,
          }
        }
      />
    </a>
    <div
      className="flex-grow-1"
    />
  </div>
</footer>
`;

exports[`<Footer /> renders correctly renders without a language selector in es 1`] = `
<footer
  aria-label="edX Home"
  className="footer d-flex border-top py-3 px-4"
  role="contentinfo"
>
  <div
    className="container d-flex"
  >
    <a
      aria-label="edX Home"
      className="d-block mb-3"
      href="https://open.edx.org"
    >
      <img
        alt="Powered by Open edX"
        src="test-file-stub"
        style={
          Object {
            "maxWidth": 150,
          }
        }
      />
    </a>
    <div
      className="flex-grow-1"
    />
  </div>
</footer>
`;
